train_p2_s0_n313 START 2026-09-25T22:30:18Z
train_p2_s0_n313 PREFLIGHT_RC=0 2026-09-25T22:35:52Z
train_p2_s0_n313 RUN_RC=0 2026-09-25T22:40:57Z
CHAIN_START 2026-09-25T22:41:43Z
eval_p2_s0_n313 START 2026-09-25T22:41:43Z
eval_p2_s0_n313 PREFLIGHT_RC=0 2026-09-25T22:47:00Z
eval_p2_s0_n313 RUN_RC=0 2026-09-25T22:49:15Z
train_p2_s1_n313 START 2026-09-25T22:49:16Z
train_p2_s1_n313 PREFLIGHT_RC=0 2026-09-25T22:54:16Z
train_p2_s1_n313 RUN_RC=0 2026-09-25T22:59:05Z
eval_p2_s1_n313 START 2026-09-25T22:59:05Z
eval_p2_s1_n313 PREFLIGHT_RC=0 2026-09-25T23:04:03Z
eval_p2_s1_n313 RUN_RC=0 2026-09-25T23:06:19Z
train_ident_s0_n313 START 2026-09-25T23:06:19Z
train_ident_s0_n313 PREFLIGHT_RC=0 2026-09-25T23:11:27Z
train_ident_s0_n313 RUN_RC=0 2026-09-25T23:16:17Z
eval_ident_s0_n313 START 2026-09-25T23:16:17Z
eval_ident_s0_n313 PREFLIGHT_RC=0 2026-09-25T23:21:23Z
eval_ident_s0_n313 RUN_RC=0 2026-09-25T23:23:39Z
train_ident_s1_n313 START 2026-09-25T23:23:39Z
train_ident_s1_n313 PREFLIGHT_RC=0 2026-09-25T23:29:04Z
train_ident_s1_n313 RUN_RC=0 2026-09-25T23:33:44Z
eval_ident_s1_n313 START 2026-09-25T23:33:44Z
eval_ident_s1_n313 PREFLIGHT_RC=0 2026-09-25T23:39:05Z
eval_ident_s1_n313 RUN_RC=0 2026-09-25T23:41:08Z
train_p2d_s0_n313 START 2026-09-25T23:41:08Z
train_p2d_s0_n313 PREFLIGHT_RC=0 2026-09-25T23:46:13Z
train_p2d_s0_n313 RUN_RC=0 2026-09-25T23:50:52Z
eval_p2d_s0_n313 START 2026-09-25T23:50:52Z
eval_p2d_s0_n313 PREFLIGHT_RC=0 2026-09-25T23:55:53Z
eval_p2d_s0_n313 RUN_RC=0 2026-09-25T23:58:17Z
CHAIN_DONE 2026-09-25T23:58:17Z
