TRAIN_p2_s0 START 2026-09-25T08:11:27Z
TRAIN_p2_s0 PREFLIGHT_RC=0 2026-09-25T08:16:02Z
TRAIN_p2_s0 TRAIN_RC=0 2026-09-25T08:21:03Z
CHAIN_START 2026-09-25T08:23:10Z
eval_p2_s0 START 2026-09-25T08:23:10Z
eval_p2_s0 PREFLIGHT_RC=0 2026-09-25T08:27:21Z
eval_p2_s0 RUN_RC=0 2026-09-25T08:29:34Z
train_p2_s1 START 2026-09-25T08:29:34Z
train_p2_s1 PREFLIGHT_RC=0 2026-09-25T08:33:50Z
train_p2_s1 RUN_RC=0 2026-09-25T08:38:55Z
eval_p2_s1 START 2026-09-25T08:38:55Z
eval_p2_s1 PREFLIGHT_RC=0 2026-09-25T08:43:00Z
eval_p2_s1 RUN_RC=0 2026-09-25T08:44:56Z
train_ident_s0 START 2026-09-25T08:44:56Z
train_ident_s0 PREFLIGHT_RC=0 2026-09-25T08:49:13Z
train_ident_s0 RUN_RC=0 2026-09-25T08:54:28Z
eval_ident_s0 START 2026-09-25T08:54:29Z
eval_ident_s0 PREFLIGHT_RC=0 2026-09-25T08:58:51Z
eval_ident_s0 RUN_RC=0 2026-09-25T09:01:02Z
train_ident_s1 START 2026-09-25T09:01:02Z
train_ident_s1 PREFLIGHT_RC=0 2026-09-25T09:05:33Z
train_ident_s1 RUN_RC=0 2026-09-25T09:10:35Z
eval_ident_s1 START 2026-09-25T09:10:35Z
eval_ident_s1 PREFLIGHT_RC=0 2026-09-25T09:14:55Z
eval_ident_s1 RUN_RC=0 2026-09-25T09:17:18Z
train_p2d_s0 START 2026-09-25T09:17:18Z
train_p2d_s0 PREFLIGHT_RC=0 2026-09-25T09:22:02Z
train_p2d_s0 RUN_RC=0 2026-09-25T09:27:26Z
eval_p2d_s0 START 2026-09-25T09:27:26Z
eval_p2d_s0 PREFLIGHT_RC=0 2026-09-25T09:32:28Z
eval_p2d_s0 RUN_RC=0 2026-09-25T09:34:59Z
CHAIN_DONE 2026-09-25T09:34:59Z
