主域 R(99) = 39,601 組
1 水準あたり 200 件 x 5 シード = 1000 件を引く(ADR-041 決定5)
SE は正答率 0.7 を仮定した二項 SE(**仮定値**)
列: |S| = 殻の組数 / n_a = 経路 (a) で殻に落ちる期待本数 / SE = その n での二項 SE / (b) = 経路 (b) が成立するか

    M      |R(M)| |       A:|S|      n_a      SE  (b) |       B:|S|      n_a      SE  (b) |       C:|Q|      n_a      SE  (b)
--------------------------------------------------------------------------------------------------------------------------
   25       2,601 |       2,601   1000.0   0.014    o |           0      0.0   ----     X |           0      0.0   ----     X
   50      10,201 |       7,600    745.0   0.017    o |           0      0.0   ----     X |           0      0.0   ----     X
   75      22,801 |      12,600    552.6   0.019    o |           0      0.0   ----     X |           0      0.0   ----     X
   99      39,601 |      16,800    424.2   0.022    o |           0      0.0   ----     X |           0      0.0   ----     X
  100      40,401 |         800     19.8   0.103    o |         800     19.8   0.103    o |           1      0.0   2.913    X
  110      48,841 |       8,440    172.8   0.035    o |       9,240    189.2   0.033    o |         121      2.5   0.291    X
  125      63,001 |      14,160    224.8   0.031    o |      23,400    371.4   0.024    o |         676     10.7   0.140    o
  150      90,601 |      27,600    304.6   0.026    o |      51,000    562.9   0.019    o |       2,601     28.7   0.086    o
  175     123,201 |      32,600    264.6   0.028    o |      83,600    678.6   0.018    o |       5,776     46.9   0.067    o
  200     160,801 |      37,600    233.8   0.030    o |     121,200    753.7   0.017    o |      10,201     63.4   0.058    o
  300     361,201 |     200,400    554.8   0.019    o |     321,600    890.4   0.015    o |      40,401    111.9   0.043    o
  500   1,002,001 |     640,800    639.5   0.018    o |     962,400    960.5   0.015    o |     160,801    160.5   0.036    o
  999   3,996,001 |   2,994,000    749.2   0.017    o |   3,956,400    990.1   0.015    o |     810,000    202.7   0.032    o

--- 読み取り1: 定義 B は台地アンカーを測れない ---
定義 B で殻が空になる格子点: [25, 50, 75, 99] (4 / 13 水準)。ADR-041 決定5 が台地アンカーとして置いた 4 点である

--- 読み取り2: M = 100 の薄さは殻の定義では動かない ---
定義 A の S(100) = 800 組、定義 B の S(100) = 800 組。**同じである**(1 つ前の格子点が 99 = 主域の半径だから)
経路 (a) の n = 19.8 件、SE = 0.103

--- 読み取り3: 経路 (a) は水準ごとに n が変わる ---
定義 A・経路 (a) の n は M = 100 の 19.8 件から M = 25 の 1000.0 件まで 51 倍動く。**ADR-041 決定5 の「n は M 間で同一」を満たさない**

--- 読み取り4: 定義 B の殻は「もう測った領域」を混ぜ続ける ---
  M = 100: 殻       800 組のうち         0 組 ( 0.0%) は 1 つ前の格子点で既に測った領域
  M = 110: 殻     9,240 組のうち       800 組 ( 8.7%) は 1 つ前の格子点で既に測った領域
  M = 125: 殻    23,400 組のうち     9,240 組 (39.5%) は 1 つ前の格子点で既に測った領域
  M = 150: 殻    51,000 組のうち    23,400 組 (45.9%) は 1 つ前の格子点で既に測った領域
  M = 175: 殻    83,600 組のうち    51,000 組 (61.0%) は 1 つ前の格子点で既に測った領域
  M = 200: 殻   121,200 組のうち    83,600 組 (69.0%) は 1 つ前の格子点で既に測った領域
  M = 300: 殻   321,600 組のうち   121,200 組 (37.7%) は 1 つ前の格子点で既に測った領域
  M = 500: 殻   962,400 組のうち   321,600 組 (33.4%) は 1 つ前の格子点で既に測った領域
  M = 999: 殻 3,956,400 組のうち   962,400 組 (24.3%) は 1 つ前の格子点で既に測った領域

--- 読み取り5: 殻のうち外挿腕が実際に使うのはごく一部である ---
(主軸 3 水準目 `extrap_magnitude` は a > 99 かつ b > 99。★F120)
  M = 100: 定義 B の殻       800 組のうち Q(M) =         1 組 ( 0.1%) だけ
  M = 110: 定義 B の殻     9,240 組のうち Q(M) =       121 組 ( 1.3%) だけ
  M = 125: 定義 B の殻    23,400 組のうち Q(M) =       676 組 ( 2.9%) だけ
  M = 150: 定義 B の殻    51,000 組のうち Q(M) =     2,601 組 ( 5.1%) だけ
  M = 175: 定義 B の殻    83,600 組のうち Q(M) =     5,776 組 ( 6.9%) だけ
  M = 200: 定義 B の殻   121,200 組のうち Q(M) =    10,201 組 ( 8.4%) だけ
  M = 300: 定義 B の殻   321,600 組のうち Q(M) =    40,401 組 (12.6%) だけ
  M = 500: 定義 B の殻   962,400 組のうち Q(M) =   160,801 組 (16.7%) だけ
  M = 999: 定義 B の殻 3,956,400 組のうち Q(M) =   810,000 組 (20.5%) だけ

--- 読み取り6: B1 の下で外挿腕が生きうる格子点だけを見る ---
C6 が組める格子点(M >= 134): [150, 175, 200, 300, 500, 999]
  M = 150: 定義 C・経路 (a) の n =   28.7 件、SE = 0.086 / 経路 (b) は 成立(|Q| = 2,601)
  M = 175: 定義 C・経路 (a) の n =   46.9 件、SE = 0.067 / 経路 (b) は 成立(|Q| = 5,776)
  M = 200: 定義 C・経路 (a) の n =   63.4 件、SE = 0.058 / 経路 (b) は 成立(|Q| = 10,201)
  M = 300: 定義 C・経路 (a) の n =  111.9 件、SE = 0.043 / 経路 (b) は 成立(|Q| = 40,401)
  M = 500: 定義 C・経路 (a) の n =  160.5 件、SE = 0.036 / 経路 (b) は 成立(|Q| = 160,801)
  M = 999: 定義 C・経路 (a) の n =  202.7 件、SE = 0.032 / 経路 (b) は 成立(|Q| = 810,000)
